{1jour, (Tue) 2023-08-15, 1} => { "cost": 0}
{1jour, (Tue) 2023-08-15, 2} => { "cost": 0}
{1jour, (Tue) 2023-08-15, 3} => { "cost": 0}
{1jour, (Tue) 2023-08-15, 4} => { "cost": 0}
{1jour, (Tue) 2023-08-15, 5} => { "cost": 0}
{1jour, (Tue) 2023-08-15, 6} => { "cost": 25}
{1jour, (Tue) 2023-08-15, 7} => { "cost": 25}
{1jour, (Tue) 2023-08-15, 8} => { "cost": 25}
{1jour, (Tue) 2023-08-15, 9} => { "cost": 25}
{1jour, (Tue) 2023-08-15, 10} => { "cost": 25}
{1jour, (Tue) 2023-08-15, 11} => { "cost": 25}
{1jour, (Tue) 2023-08-15, 12} => { "cost": 25}
{1jour, (Tue) 2023-08-15, 13} => { "cost": 25}
{1jour, (Tue) 2023-08-15, 14} => { "cost": 25}
{1jour, (Tue) 2023-08-15, 15} => { "cost": 35}
{1jour, (Tue) 2023-08-15, 16} => { "cost": 35}
{1jour, (Tue) 2023-08-15, 17} => { "cost": 35}
{1jour, (Tue) 2023-08-15, 18} => { "cost": 35}
{1jour, (Tue) 2023-08-15, 19} => { "cost": 35}
{1jour, (Tue) 2023-08-15, 20} => { "cost": 35}
{1jour, (Tue) 2023-08-15, 21} => { "cost": 35}
{1jour, (Tue) 2023-08-15, 22} => { "cost": 35}
{1jour, (Tue) 2023-08-15, 23} => { "cost": 35}
{1jour, (Tue) 2023-08-15, 24} => { "cost": 35}
{1jour, (Tue) 2023-08-15, 25} => { "cost": 35}
{1jour, (Tue) 2023-08-15, 26} => { "cost": 35}
{1jour, (Tue) 2023-08-15, 27} => { "cost": 35}
{1jour, (Tue) 2023-08-15, 28} => { "cost": 35}
{1jour, (Tue) 2023-08-15, 29} => { "cost": 35}
{1jour, (Tue) 2023-08-15, 30} => { "cost": 35}
{1jour, (Tue) 2023-08-15, 31} => { "cost": 35}
{1jour, (Tue) 2023-08-15, 32} => { "cost": 35}
{1jour, (Tue) 2023-08-15, 33} => { "cost": 35}
{1jour, (Tue) 2023-08-15, 34} => { "cost": 35}
{1jour, (Tue) 2023-08-15, 35} => { "cost": 35}
{1jour, (Tue) 2023-08-15, 36} => { "cost": 35}
{1jour, (Tue) 2023-08-15, 37} => { "cost": 35}
{1jour, (Tue) 2023-08-15, 38} => { "cost": 35}
{1jour, (Tue) 2023-08-15, 39} => { "cost": 35}
{1jour, (Tue) 2023-08-15, 40} => { "cost": 35}
{1jour, (Tue) 2023-08-15, 41} => { "cost": 35}
{1jour, (Tue) 2023-08-15, 42} => { "cost": 35}
{1jour, (Tue) 2023-08-15, 43} => { "cost": 35}
{1jour, (Tue) 2023-08-15, 44} => { "cost": 35}
{1jour, (Tue) 2023-08-15, 45} => { "cost": 35}
{1jour, (Tue) 2023-08-15, 46} => { "cost": 35}
{1jour, (Tue) 2023-08-15, 47} => { "cost": 35}
{1jour, (Tue) 2023-08-15, 48} => { "cost": 35}
{1jour, (Tue) 2023-08-15, 49} => { "cost": 35}
{1jour, (Tue) 2023-08-15, 50} => { "cost": 35}
{1jour, (Tue) 2023-08-15, 51} => { "cost": 35}
{1jour, (Tue) 2023-08-15, 52} => { "cost": 35}
{1jour, (Tue) 2023-08-15, 53} => { "cost": 35}
{1jour, (Tue) 2023-08-15, 54} => { "cost": 35}
{1jour, (Tue) 2023-08-15, 55} => { "cost": 35}
{1jour, (Tue) 2023-08-15, 56} => { "cost": 35}
{1jour, (Tue) 2023-08-15, 57} => { "cost": 35}
{1jour, (Tue) 2023-08-15, 58} => { "cost": 35}
{1jour, (Tue) 2023-08-15, 59} => { "cost": 35}
{1jour, (Tue) 2023-08-15, 60} => { "cost": 35}
{1jour, (Tue) 2023-08-15, 61} => { "cost": 35}
{1jour, (Tue) 2023-08-15, 62} => { "cost": 35}
{1jour, (Tue) 2023-08-15, 63} => { "cost": 35}
{1jour, (Tue) 2023-08-15, 64} => { "cost": 35}
{1jour, (Tue) 2023-08-15, 65} => { "cost": 27}
{1jour, (Tue) 2023-08-15, 66} => { "cost": 27}
{1jour, (Tue) 2023-08-15, 67} => { "cost": 27}
{1jour, (Tue) 2023-08-15, 68} => { "cost": 27}
{1jour, (Tue) 2023-08-15, 69} => { "cost": 27}
{1jour, (Tue) 2023-08-15, 70} => { "cost": 27}
{1jour, (Tue) 2023-08-15, null <- null} => { "cost": 35}
{1jour, (Tue) 2023-08-15, null <- forty two} => { "cost": NaN}  For input string: "forty two"
{night, (Tue) 2023-08-15, 1} => { "cost": 0}
{night, (Tue) 2023-08-15, 2} => { "cost": 0}
{night, (Tue) 2023-08-15, 3} => { "cost": 0}
{night, (Tue) 2023-08-15, 4} => { "cost": 0}
{night, (Tue) 2023-08-15, 5} => { "cost": 0}
{night, (Tue) 2023-08-15, 6} => { "cost": 19}
{night, (Tue) 2023-08-15, 7} => { "cost": 19}
{night, (Tue) 2023-08-15, 8} => { "cost": 19}
{night, (Tue) 2023-08-15, 9} => { "cost": 19}
{night, (Tue) 2023-08-15, 10} => { "cost": 19}
{night, (Tue) 2023-08-15, 11} => { "cost": 19}
{night, (Tue) 2023-08-15, 12} => { "cost": 19}
{night, (Tue) 2023-08-15, 13} => { "cost": 19}
{night, (Tue) 2023-08-15, 14} => { "cost": 19}
{night, (Tue) 2023-08-15, 15} => { "cost": 19}
{night, (Tue) 2023-08-15, 16} => { "cost": 19}
{night, (Tue) 2023-08-15, 17} => { "cost": 19}
{night, (Tue) 2023-08-15, 18} => { "cost": 19}
{night, (Tue) 2023-08-15, 19} => { "cost": 19}
{night, (Tue) 2023-08-15, 20} => { "cost": 19}
{night, (Tue) 2023-08-15, 21} => { "cost": 19}
{night, (Tue) 2023-08-15, 22} => { "cost": 19}
{night, (Tue) 2023-08-15, 23} => { "cost": 19}
{night, (Tue) 2023-08-15, 24} => { "cost": 19}
{night, (Tue) 2023-08-15, 25} => { "cost": 19}
{night, (Tue) 2023-08-15, 26} => { "cost": 19}
{night, (Tue) 2023-08-15, 27} => { "cost": 19}
{night, (Tue) 2023-08-15, 28} => { "cost": 19}
{night, (Tue) 2023-08-15, 29} => { "cost": 19}
{night, (Tue) 2023-08-15, 30} => { "cost": 19}
{night, (Tue) 2023-08-15, 31} => { "cost": 19}
{night, (Tue) 2023-08-15, 32} => { "cost": 19}
{night, (Tue) 2023-08-15, 33} => { "cost": 19}
{night, (Tue) 2023-08-15, 34} => { "cost": 19}
{night, (Tue) 2023-08-15, 35} => { "cost": 19}
{night, (Tue) 2023-08-15, 36} => { "cost": 19}
{night, (Tue) 2023-08-15, 37} => { "cost": 19}
{night, (Tue) 2023-08-15, 38} => { "cost": 19}
{night, (Tue) 2023-08-15, 39} => { "cost": 19}
{night, (Tue) 2023-08-15, 40} => { "cost": 19}
{night, (Tue) 2023-08-15, 41} => { "cost": 19}
{night, (Tue) 2023-08-15, 42} => { "cost": 19}
{night, (Tue) 2023-08-15, 43} => { "cost": 19}
{night, (Tue) 2023-08-15, 44} => { "cost": 19}
{night, (Tue) 2023-08-15, 45} => { "cost": 19}
{night, (Tue) 2023-08-15, 46} => { "cost": 19}
{night, (Tue) 2023-08-15, 47} => { "cost": 19}
{night, (Tue) 2023-08-15, 48} => { "cost": 19}
{night, (Tue) 2023-08-15, 49} => { "cost": 19}
{night, (Tue) 2023-08-15, 50} => { "cost": 19}
{night, (Tue) 2023-08-15, 51} => { "cost": 19}
{night, (Tue) 2023-08-15, 52} => { "cost": 19}
{night, (Tue) 2023-08-15, 53} => { "cost": 19}
{night, (Tue) 2023-08-15, 54} => { "cost": 19}
{night, (Tue) 2023-08-15, 55} => { "cost": 19}
{night, (Tue) 2023-08-15, 56} => { "cost": 19}
{night, (Tue) 2023-08-15, 57} => { "cost": 19}
{night, (Tue) 2023-08-15, 58} => { "cost": 19}
{night, (Tue) 2023-08-15, 59} => { "cost": 19}
{night, (Tue) 2023-08-15, 60} => { "cost": 19}
{night, (Tue) 2023-08-15, 61} => { "cost": 19}
{night, (Tue) 2023-08-15, 62} => { "cost": 19}
{night, (Tue) 2023-08-15, 63} => { "cost": 19}
{night, (Tue) 2023-08-15, 64} => { "cost": 19}
{night, (Tue) 2023-08-15, 65} => { "cost": 8}
{night, (Tue) 2023-08-15, 66} => { "cost": 8}
{night, (Tue) 2023-08-15, 67} => { "cost": 8}
{night, (Tue) 2023-08-15, 68} => { "cost": 8}
{night, (Tue) 2023-08-15, 69} => { "cost": 8}
{night, (Tue) 2023-08-15, 70} => { "cost": 8}
{night, (Tue) 2023-08-15, null <- null} => { "cost": 0}
{night, (Tue) 2023-08-15, null <- forty two} => { "cost": NaN}  For input string: "forty two"
{1jour, (Mon) 2023-12-25/special/holiday, 1} => { "cost": 0}
{1jour, (Mon) 2023-12-25/special/holiday, 2} => { "cost": 0}
{1jour, (Mon) 2023-12-25/special/holiday, 3} => { "cost": 0}
{1jour, (Mon) 2023-12-25/special/holiday, 4} => { "cost": 0}
{1jour, (Mon) 2023-12-25/special/holiday, 5} => { "cost": 0}
{1jour, (Mon) 2023-12-25/special/holiday, 6} => { "cost": 25}
{1jour, (Mon) 2023-12-25/special/holiday, 7} => { "cost": 25}
{1jour, (Mon) 2023-12-25/special/holiday, 8} => { "cost": 25}
{1jour, (Mon) 2023-12-25/special/holiday, 9} => { "cost": 25}
{1jour, (Mon) 2023-12-25/special/holiday, 10} => { "cost": 25}
{1jour, (Mon) 2023-12-25/special/holiday, 11} => { "cost": 25}
{1jour, (Mon) 2023-12-25/special/holiday, 12} => { "cost": 25}
{1jour, (Mon) 2023-12-25/special/holiday, 13} => { "cost": 25}
{1jour, (Mon) 2023-12-25/special/holiday, 14} => { "cost": 25}
{1jour, (Mon) 2023-12-25/special/holiday, 15} => { "cost": 35}
{1jour, (Mon) 2023-12-25/special/holiday, 16} => { "cost": 35}
{1jour, (Mon) 2023-12-25/special/holiday, 17} => { "cost": 35}
{1jour, (Mon) 2023-12-25/special/holiday, 18} => { "cost": 35}
{1jour, (Mon) 2023-12-25/special/holiday, 19} => { "cost": 35}
{1jour, (Mon) 2023-12-25/special/holiday, 20} => { "cost": 35}
{1jour, (Mon) 2023-12-25/special/holiday, 21} => { "cost": 35}
{1jour, (Mon) 2023-12-25/special/holiday, 22} => { "cost": 35}
{1jour, (Mon) 2023-12-25/special/holiday, 23} => { "cost": 35}
{1jour, (Mon) 2023-12-25/special/holiday, 24} => { "cost": 35}
{1jour, (Mon) 2023-12-25/special/holiday, 25} => { "cost": 35}
{1jour, (Mon) 2023-12-25/special/holiday, 26} => { "cost": 35}
{1jour, (Mon) 2023-12-25/special/holiday, 27} => { "cost": 35}
{1jour, (Mon) 2023-12-25/special/holiday, 28} => { "cost": 35}
{1jour, (Mon) 2023-12-25/special/holiday, 29} => { "cost": 35}
{1jour, (Mon) 2023-12-25/special/holiday, 30} => { "cost": 35}
{1jour, (Mon) 2023-12-25/special/holiday, 31} => { "cost": 35}
{1jour, (Mon) 2023-12-25/special/holiday, 32} => { "cost": 35}
{1jour, (Mon) 2023-12-25/special/holiday, 33} => { "cost": 35}
{1jour, (Mon) 2023-12-25/special/holiday, 34} => { "cost": 35}
{1jour, (Mon) 2023-12-25/special/holiday, 35} => { "cost": 35}
{1jour, (Mon) 2023-12-25/special/holiday, 36} => { "cost": 35}
{1jour, (Mon) 2023-12-25/special/holiday, 37} => { "cost": 35}
{1jour, (Mon) 2023-12-25/special/holiday, 38} => { "cost": 35}
{1jour, (Mon) 2023-12-25/special/holiday, 39} => { "cost": 35}
{1jour, (Mon) 2023-12-25/special/holiday, 40} => { "cost": 35}
{1jour, (Mon) 2023-12-25/special/holiday, 41} => { "cost": 35}
{1jour, (Mon) 2023-12-25/special/holiday, 42} => { "cost": 35}
{1jour, (Mon) 2023-12-25/special/holiday, 43} => { "cost": 35}
{1jour, (Mon) 2023-12-25/special/holiday, 44} => { "cost": 35}
{1jour, (Mon) 2023-12-25/special/holiday, 45} => { "cost": 35}
{1jour, (Mon) 2023-12-25/special/holiday, 46} => { "cost": 35}
{1jour, (Mon) 2023-12-25/special/holiday, 47} => { "cost": 35}
{1jour, (Mon) 2023-12-25/special/holiday, 48} => { "cost": 35}
{1jour, (Mon) 2023-12-25/special/holiday, 49} => { "cost": 35}
{1jour, (Mon) 2023-12-25/special/holiday, 50} => { "cost": 35}
{1jour, (Mon) 2023-12-25/special/holiday, 51} => { "cost": 35}
{1jour, (Mon) 2023-12-25/special/holiday, 52} => { "cost": 35}
{1jour, (Mon) 2023-12-25/special/holiday, 53} => { "cost": 35}
{1jour, (Mon) 2023-12-25/special/holiday, 54} => { "cost": 35}
{1jour, (Mon) 2023-12-25/special/holiday, 55} => { "cost": 35}
{1jour, (Mon) 2023-12-25/special/holiday, 56} => { "cost": 35}
{1jour, (Mon) 2023-12-25/special/holiday, 57} => { "cost": 35}
{1jour, (Mon) 2023-12-25/special/holiday, 58} => { "cost": 35}
{1jour, (Mon) 2023-12-25/special/holiday, 59} => { "cost": 35}
{1jour, (Mon) 2023-12-25/special/holiday, 60} => { "cost": 35}
{1jour, (Mon) 2023-12-25/special/holiday, 61} => { "cost": 35}
{1jour, (Mon) 2023-12-25/special/holiday, 62} => { "cost": 35}
{1jour, (Mon) 2023-12-25/special/holiday, 63} => { "cost": 35}
{1jour, (Mon) 2023-12-25/special/holiday, 64} => { "cost": 35}
{1jour, (Mon) 2023-12-25/special/holiday, 65} => { "cost": 27}
{1jour, (Mon) 2023-12-25/special/holiday, 66} => { "cost": 27}
{1jour, (Mon) 2023-12-25/special/holiday, 67} => { "cost": 27}
{1jour, (Mon) 2023-12-25/special/holiday, 68} => { "cost": 27}
{1jour, (Mon) 2023-12-25/special/holiday, 69} => { "cost": 27}
{1jour, (Mon) 2023-12-25/special/holiday, 70} => { "cost": 27}
{1jour, (Mon) 2023-12-25/special/holiday, null <- null} => { "cost": 35}
{1jour, (Mon) 2023-12-25/special/holiday, null <- forty two} => { "cost": NaN}  For input string: "forty two"
{night, (Mon) 2023-12-25/special/holiday, 1} => { "cost": 0}
{night, (Mon) 2023-12-25/special/holiday, 2} => { "cost": 0}
{night, (Mon) 2023-12-25/special/holiday, 3} => { "cost": 0}
{night, (Mon) 2023-12-25/special/holiday, 4} => { "cost": 0}
{night, (Mon) 2023-12-25/special/holiday, 5} => { "cost": 0}
{night, (Mon) 2023-12-25/special/holiday, 6} => { "cost": 19}
{night, (Mon) 2023-12-25/special/holiday, 7} => { "cost": 19}
{night, (Mon) 2023-12-25/special/holiday, 8} => { "cost": 19}
{night, (Mon) 2023-12-25/special/holiday, 9} => { "cost": 19}
{night, (Mon) 2023-12-25/special/holiday, 10} => { "cost": 19}
{night, (Mon) 2023-12-25/special/holiday, 11} => { "cost": 19}
{night, (Mon) 2023-12-25/special/holiday, 12} => { "cost": 19}
{night, (Mon) 2023-12-25/special/holiday, 13} => { "cost": 19}
{night, (Mon) 2023-12-25/special/holiday, 14} => { "cost": 19}
{night, (Mon) 2023-12-25/special/holiday, 15} => { "cost": 19}
{night, (Mon) 2023-12-25/special/holiday, 16} => { "cost": 19}
{night, (Mon) 2023-12-25/special/holiday, 17} => { "cost": 19}
{night, (Mon) 2023-12-25/special/holiday, 18} => { "cost": 19}
{night, (Mon) 2023-12-25/special/holiday, 19} => { "cost": 19}
{night, (Mon) 2023-12-25/special/holiday, 20} => { "cost": 19}
{night, (Mon) 2023-12-25/special/holiday, 21} => { "cost": 19}
{night, (Mon) 2023-12-25/special/holiday, 22} => { "cost": 19}
{night, (Mon) 2023-12-25/special/holiday, 23} => { "cost": 19}
{night, (Mon) 2023-12-25/special/holiday, 24} => { "cost": 19}
{night, (Mon) 2023-12-25/special/holiday, 25} => { "cost": 19}
{night, (Mon) 2023-12-25/special/holiday, 26} => { "cost": 19}
{night, (Mon) 2023-12-25/special/holiday, 27} => { "cost": 19}
{night, (Mon) 2023-12-25/special/holiday, 28} => { "cost": 19}
{night, (Mon) 2023-12-25/special/holiday, 29} => { "cost": 19}
{night, (Mon) 2023-12-25/special/holiday, 30} => { "cost": 19}
{night, (Mon) 2023-12-25/special/holiday, 31} => { "cost": 19}
{night, (Mon) 2023-12-25/special/holiday, 32} => { "cost": 19}
{night, (Mon) 2023-12-25/special/holiday, 33} => { "cost": 19}
{night, (Mon) 2023-12-25/special/holiday, 34} => { "cost": 19}
{night, (Mon) 2023-12-25/special/holiday, 35} => { "cost": 19}
{night, (Mon) 2023-12-25/special/holiday, 36} => { "cost": 19}
{night, (Mon) 2023-12-25/special/holiday, 37} => { "cost": 19}
{night, (Mon) 2023-12-25/special/holiday, 38} => { "cost": 19}
{night, (Mon) 2023-12-25/special/holiday, 39} => { "cost": 19}
{night, (Mon) 2023-12-25/special/holiday, 40} => { "cost": 19}
{night, (Mon) 2023-12-25/special/holiday, 41} => { "cost": 19}
{night, (Mon) 2023-12-25/special/holiday, 42} => { "cost": 19}
{night, (Mon) 2023-12-25/special/holiday, 43} => { "cost": 19}
{night, (Mon) 2023-12-25/special/holiday, 44} => { "cost": 19}
{night, (Mon) 2023-12-25/special/holiday, 45} => { "cost": 19}
{night, (Mon) 2023-12-25/special/holiday, 46} => { "cost": 19}
{night, (Mon) 2023-12-25/special/holiday, 47} => { "cost": 19}
{night, (Mon) 2023-12-25/special/holiday, 48} => { "cost": 19}
{night, (Mon) 2023-12-25/special/holiday, 49} => { "cost": 19}
{night, (Mon) 2023-12-25/special/holiday, 50} => { "cost": 19}
{night, (Mon) 2023-12-25/special/holiday, 51} => { "cost": 19}
{night, (Mon) 2023-12-25/special/holiday, 52} => { "cost": 19}
{night, (Mon) 2023-12-25/special/holiday, 53} => { "cost": 19}
{night, (Mon) 2023-12-25/special/holiday, 54} => { "cost": 19}
{night, (Mon) 2023-12-25/special/holiday, 55} => { "cost": 19}
{night, (Mon) 2023-12-25/special/holiday, 56} => { "cost": 19}
{night, (Mon) 2023-12-25/special/holiday, 57} => { "cost": 19}
{night, (Mon) 2023-12-25/special/holiday, 58} => { "cost": 19}
{night, (Mon) 2023-12-25/special/holiday, 59} => { "cost": 19}
{night, (Mon) 2023-12-25/special/holiday, 60} => { "cost": 19}
{night, (Mon) 2023-12-25/special/holiday, 61} => { "cost": 19}
{night, (Mon) 2023-12-25/special/holiday, 62} => { "cost": 19}
{night, (Mon) 2023-12-25/special/holiday, 63} => { "cost": 19}
{night, (Mon) 2023-12-25/special/holiday, 64} => { "cost": 19}
{night, (Mon) 2023-12-25/special/holiday, 65} => { "cost": 8}
{night, (Mon) 2023-12-25/special/holiday, 66} => { "cost": 8}
{night, (Mon) 2023-12-25/special/holiday, 67} => { "cost": 8}
{night, (Mon) 2023-12-25/special/holiday, 68} => { "cost": 8}
{night, (Mon) 2023-12-25/special/holiday, 69} => { "cost": 8}
{night, (Mon) 2023-12-25/special/holiday, 70} => { "cost": 8}
{night, (Mon) 2023-12-25/special/holiday, null <- null} => { "cost": 0}
{night, (Mon) 2023-12-25/special/holiday, null <- forty two} => { "cost": NaN}  For input string: "forty two"
{1jour, (Sun) 2022-12-25/holiday, 1} => { "cost": 0}
{1jour, (Sun) 2022-12-25/holiday, 2} => { "cost": 0}
{1jour, (Sun) 2022-12-25/holiday, 3} => { "cost": 0}
{1jour, (Sun) 2022-12-25/holiday, 4} => { "cost": 0}
{1jour, (Sun) 2022-12-25/holiday, 5} => { "cost": 0}
{1jour, (Sun) 2022-12-25/holiday, 6} => { "cost": 25}
{1jour, (Sun) 2022-12-25/holiday, 7} => { "cost": 25}
{1jour, (Sun) 2022-12-25/holiday, 8} => { "cost": 25}
{1jour, (Sun) 2022-12-25/holiday, 9} => { "cost": 25}
{1jour, (Sun) 2022-12-25/holiday, 10} => { "cost": 25}
{1jour, (Sun) 2022-12-25/holiday, 11} => { "cost": 25}
{1jour, (Sun) 2022-12-25/holiday, 12} => { "cost": 25}
{1jour, (Sun) 2022-12-25/holiday, 13} => { "cost": 25}
{1jour, (Sun) 2022-12-25/holiday, 14} => { "cost": 25}
{1jour, (Sun) 2022-12-25/holiday, 15} => { "cost": 35}
{1jour, (Sun) 2022-12-25/holiday, 16} => { "cost": 35}
{1jour, (Sun) 2022-12-25/holiday, 17} => { "cost": 35}
{1jour, (Sun) 2022-12-25/holiday, 18} => { "cost": 35}
{1jour, (Sun) 2022-12-25/holiday, 19} => { "cost": 35}
{1jour, (Sun) 2022-12-25/holiday, 20} => { "cost": 35}
{1jour, (Sun) 2022-12-25/holiday, 21} => { "cost": 35}
{1jour, (Sun) 2022-12-25/holiday, 22} => { "cost": 35}
{1jour, (Sun) 2022-12-25/holiday, 23} => { "cost": 35}
{1jour, (Sun) 2022-12-25/holiday, 24} => { "cost": 35}
{1jour, (Sun) 2022-12-25/holiday, 25} => { "cost": 35}
{1jour, (Sun) 2022-12-25/holiday, 26} => { "cost": 35}
{1jour, (Sun) 2022-12-25/holiday, 27} => { "cost": 35}
{1jour, (Sun) 2022-12-25/holiday, 28} => { "cost": 35}
{1jour, (Sun) 2022-12-25/holiday, 29} => { "cost": 35}
{1jour, (Sun) 2022-12-25/holiday, 30} => { "cost": 35}
{1jour, (Sun) 2022-12-25/holiday, 31} => { "cost": 35}
{1jour, (Sun) 2022-12-25/holiday, 32} => { "cost": 35}
{1jour, (Sun) 2022-12-25/holiday, 33} => { "cost": 35}
{1jour, (Sun) 2022-12-25/holiday, 34} => { "cost": 35}
{1jour, (Sun) 2022-12-25/holiday, 35} => { "cost": 35}
{1jour, (Sun) 2022-12-25/holiday, 36} => { "cost": 35}
{1jour, (Sun) 2022-12-25/holiday, 37} => { "cost": 35}
{1jour, (Sun) 2022-12-25/holiday, 38} => { "cost": 35}
{1jour, (Sun) 2022-12-25/holiday, 39} => { "cost": 35}
{1jour, (Sun) 2022-12-25/holiday, 40} => { "cost": 35}
{1jour, (Sun) 2022-12-25/holiday, 41} => { "cost": 35}
{1jour, (Sun) 2022-12-25/holiday, 42} => { "cost": 35}
{1jour, (Sun) 2022-12-25/holiday, 43} => { "cost": 35}
{1jour, (Sun) 2022-12-25/holiday, 44} => { "cost": 35}
{1jour, (Sun) 2022-12-25/holiday, 45} => { "cost": 35}
{1jour, (Sun) 2022-12-25/holiday, 46} => { "cost": 35}
{1jour, (Sun) 2022-12-25/holiday, 47} => { "cost": 35}
{1jour, (Sun) 2022-12-25/holiday, 48} => { "cost": 35}
{1jour, (Sun) 2022-12-25/holiday, 49} => { "cost": 35}
{1jour, (Sun) 2022-12-25/holiday, 50} => { "cost": 35}
{1jour, (Sun) 2022-12-25/holiday, 51} => { "cost": 35}
{1jour, (Sun) 2022-12-25/holiday, 52} => { "cost": 35}
{1jour, (Sun) 2022-12-25/holiday, 53} => { "cost": 35}
{1jour, (Sun) 2022-12-25/holiday, 54} => { "cost": 35}
{1jour, (Sun) 2022-12-25/holiday, 55} => { "cost": 35}
{1jour, (Sun) 2022-12-25/holiday, 56} => { "cost": 35}
{1jour, (Sun) 2022-12-25/holiday, 57} => { "cost": 35}
{1jour, (Sun) 2022-12-25/holiday, 58} => { "cost": 35}
{1jour, (Sun) 2022-12-25/holiday, 59} => { "cost": 35}
{1jour, (Sun) 2022-12-25/holiday, 60} => { "cost": 35}
{1jour, (Sun) 2022-12-25/holiday, 61} => { "cost": 35}
{1jour, (Sun) 2022-12-25/holiday, 62} => { "cost": 35}
{1jour, (Sun) 2022-12-25/holiday, 63} => { "cost": 35}
{1jour, (Sun) 2022-12-25/holiday, 64} => { "cost": 35}
{1jour, (Sun) 2022-12-25/holiday, 65} => { "cost": 27}
{1jour, (Sun) 2022-12-25/holiday, 66} => { "cost": 27}
{1jour, (Sun) 2022-12-25/holiday, 67} => { "cost": 27}
{1jour, (Sun) 2022-12-25/holiday, 68} => { "cost": 27}
{1jour, (Sun) 2022-12-25/holiday, 69} => { "cost": 27}
{1jour, (Sun) 2022-12-25/holiday, 70} => { "cost": 27}
{1jour, (Sun) 2022-12-25/holiday, null <- null} => { "cost": 35}
{1jour, (Sun) 2022-12-25/holiday, null <- forty two} => { "cost": NaN}  For input string: "forty two"
{night, (Sun) 2022-12-25/holiday, 1} => { "cost": 0}
{night, (Sun) 2022-12-25/holiday, 2} => { "cost": 0}
{night, (Sun) 2022-12-25/holiday, 3} => { "cost": 0}
{night, (Sun) 2022-12-25/holiday, 4} => { "cost": 0}
{night, (Sun) 2022-12-25/holiday, 5} => { "cost": 0}
{night, (Sun) 2022-12-25/holiday, 6} => { "cost": 19}
{night, (Sun) 2022-12-25/holiday, 7} => { "cost": 19}
{night, (Sun) 2022-12-25/holiday, 8} => { "cost": 19}
{night, (Sun) 2022-12-25/holiday, 9} => { "cost": 19}
{night, (Sun) 2022-12-25/holiday, 10} => { "cost": 19}
{night, (Sun) 2022-12-25/holiday, 11} => { "cost": 19}
{night, (Sun) 2022-12-25/holiday, 12} => { "cost": 19}
{night, (Sun) 2022-12-25/holiday, 13} => { "cost": 19}
{night, (Sun) 2022-12-25/holiday, 14} => { "cost": 19}
{night, (Sun) 2022-12-25/holiday, 15} => { "cost": 19}
{night, (Sun) 2022-12-25/holiday, 16} => { "cost": 19}
{night, (Sun) 2022-12-25/holiday, 17} => { "cost": 19}
{night, (Sun) 2022-12-25/holiday, 18} => { "cost": 19}
{night, (Sun) 2022-12-25/holiday, 19} => { "cost": 19}
{night, (Sun) 2022-12-25/holiday, 20} => { "cost": 19}
{night, (Sun) 2022-12-25/holiday, 21} => { "cost": 19}
{night, (Sun) 2022-12-25/holiday, 22} => { "cost": 19}
{night, (Sun) 2022-12-25/holiday, 23} => { "cost": 19}
{night, (Sun) 2022-12-25/holiday, 24} => { "cost": 19}
{night, (Sun) 2022-12-25/holiday, 25} => { "cost": 19}
{night, (Sun) 2022-12-25/holiday, 26} => { "cost": 19}
{night, (Sun) 2022-12-25/holiday, 27} => { "cost": 19}
{night, (Sun) 2022-12-25/holiday, 28} => { "cost": 19}
{night, (Sun) 2022-12-25/holiday, 29} => { "cost": 19}
{night, (Sun) 2022-12-25/holiday, 30} => { "cost": 19}
{night, (Sun) 2022-12-25/holiday, 31} => { "cost": 19}
{night, (Sun) 2022-12-25/holiday, 32} => { "cost": 19}
{night, (Sun) 2022-12-25/holiday, 33} => { "cost": 19}
{night, (Sun) 2022-12-25/holiday, 34} => { "cost": 19}
{night, (Sun) 2022-12-25/holiday, 35} => { "cost": 19}
{night, (Sun) 2022-12-25/holiday, 36} => { "cost": 19}
{night, (Sun) 2022-12-25/holiday, 37} => { "cost": 19}
{night, (Sun) 2022-12-25/holiday, 38} => { "cost": 19}
{night, (Sun) 2022-12-25/holiday, 39} => { "cost": 19}
{night, (Sun) 2022-12-25/holiday, 40} => { "cost": 19}
{night, (Sun) 2022-12-25/holiday, 41} => { "cost": 19}
{night, (Sun) 2022-12-25/holiday, 42} => { "cost": 19}
{night, (Sun) 2022-12-25/holiday, 43} => { "cost": 19}
{night, (Sun) 2022-12-25/holiday, 44} => { "cost": 19}
{night, (Sun) 2022-12-25/holiday, 45} => { "cost": 19}
{night, (Sun) 2022-12-25/holiday, 46} => { "cost": 19}
{night, (Sun) 2022-12-25/holiday, 47} => { "cost": 19}
{night, (Sun) 2022-12-25/holiday, 48} => { "cost": 19}
{night, (Sun) 2022-12-25/holiday, 49} => { "cost": 19}
{night, (Sun) 2022-12-25/holiday, 50} => { "cost": 19}
{night, (Sun) 2022-12-25/holiday, 51} => { "cost": 19}
{night, (Sun) 2022-12-25/holiday, 52} => { "cost": 19}
{night, (Sun) 2022-12-25/holiday, 53} => { "cost": 19}
{night, (Sun) 2022-12-25/holiday, 54} => { "cost": 19}
{night, (Sun) 2022-12-25/holiday, 55} => { "cost": 19}
{night, (Sun) 2022-12-25/holiday, 56} => { "cost": 19}
{night, (Sun) 2022-12-25/holiday, 57} => { "cost": 19}
{night, (Sun) 2022-12-25/holiday, 58} => { "cost": 19}
{night, (Sun) 2022-12-25/holiday, 59} => { "cost": 19}
{night, (Sun) 2022-12-25/holiday, 60} => { "cost": 19}
{night, (Sun) 2022-12-25/holiday, 61} => { "cost": 19}
{night, (Sun) 2022-12-25/holiday, 62} => { "cost": 19}
{night, (Sun) 2022-12-25/holiday, 63} => { "cost": 19}
{night, (Sun) 2022-12-25/holiday, 64} => { "cost": 19}
{night, (Sun) 2022-12-25/holiday, 65} => { "cost": 8}
{night, (Sun) 2022-12-25/holiday, 66} => { "cost": 8}
{night, (Sun) 2022-12-25/holiday, 67} => { "cost": 8}
{night, (Sun) 2022-12-25/holiday, 68} => { "cost": 8}
{night, (Sun) 2022-12-25/holiday, 69} => { "cost": 8}
{night, (Sun) 2022-12-25/holiday, 70} => { "cost": 8}
{night, (Sun) 2022-12-25/holiday, null <- null} => { "cost": 0}
{night, (Sun) 2022-12-25/holiday, null <- forty two} => { "cost": NaN}  For input string: "forty two"
{1jour, (Mon) 2023-08-14/special, 1} => { "cost": 0}
{1jour, (Mon) 2023-08-14/special, 2} => { "cost": 0}
{1jour, (Mon) 2023-08-14/special, 3} => { "cost": 0}
{1jour, (Mon) 2023-08-14/special, 4} => { "cost": 0}
{1jour, (Mon) 2023-08-14/special, 5} => { "cost": 0}
{1jour, (Mon) 2023-08-14/special, 6} => { "cost": 25}
{1jour, (Mon) 2023-08-14/special, 7} => { "cost": 25}
{1jour, (Mon) 2023-08-14/special, 8} => { "cost": 25}
{1jour, (Mon) 2023-08-14/special, 9} => { "cost": 25}
{1jour, (Mon) 2023-08-14/special, 10} => { "cost": 25}
{1jour, (Mon) 2023-08-14/special, 11} => { "cost": 25}
{1jour, (Mon) 2023-08-14/special, 12} => { "cost": 25}
{1jour, (Mon) 2023-08-14/special, 13} => { "cost": 25}
{1jour, (Mon) 2023-08-14/special, 14} => { "cost": 25}
{1jour, (Mon) 2023-08-14/special, 15} => { "cost": 23}
{1jour, (Mon) 2023-08-14/special, 16} => { "cost": 23}
{1jour, (Mon) 2023-08-14/special, 17} => { "cost": 23}
{1jour, (Mon) 2023-08-14/special, 18} => { "cost": 23}
{1jour, (Mon) 2023-08-14/special, 19} => { "cost": 23}
{1jour, (Mon) 2023-08-14/special, 20} => { "cost": 23}
{1jour, (Mon) 2023-08-14/special, 21} => { "cost": 23}
{1jour, (Mon) 2023-08-14/special, 22} => { "cost": 23}
{1jour, (Mon) 2023-08-14/special, 23} => { "cost": 23}
{1jour, (Mon) 2023-08-14/special, 24} => { "cost": 23}
{1jour, (Mon) 2023-08-14/special, 25} => { "cost": 23}
{1jour, (Mon) 2023-08-14/special, 26} => { "cost": 23}
{1jour, (Mon) 2023-08-14/special, 27} => { "cost": 23}
{1jour, (Mon) 2023-08-14/special, 28} => { "cost": 23}
{1jour, (Mon) 2023-08-14/special, 29} => { "cost": 23}
{1jour, (Mon) 2023-08-14/special, 30} => { "cost": 23}
{1jour, (Mon) 2023-08-14/special, 31} => { "cost": 23}
{1jour, (Mon) 2023-08-14/special, 32} => { "cost": 23}
{1jour, (Mon) 2023-08-14/special, 33} => { "cost": 23}
{1jour, (Mon) 2023-08-14/special, 34} => { "cost": 23}
{1jour, (Mon) 2023-08-14/special, 35} => { "cost": 23}
{1jour, (Mon) 2023-08-14/special, 36} => { "cost": 23}
{1jour, (Mon) 2023-08-14/special, 37} => { "cost": 23}
{1jour, (Mon) 2023-08-14/special, 38} => { "cost": 23}
{1jour, (Mon) 2023-08-14/special, 39} => { "cost": 23}
{1jour, (Mon) 2023-08-14/special, 40} => { "cost": 23}
{1jour, (Mon) 2023-08-14/special, 41} => { "cost": 23}
{1jour, (Mon) 2023-08-14/special, 42} => { "cost": 23}
{1jour, (Mon) 2023-08-14/special, 43} => { "cost": 23}
{1jour, (Mon) 2023-08-14/special, 44} => { "cost": 23}
{1jour, (Mon) 2023-08-14/special, 45} => { "cost": 23}
{1jour, (Mon) 2023-08-14/special, 46} => { "cost": 23}
{1jour, (Mon) 2023-08-14/special, 47} => { "cost": 23}
{1jour, (Mon) 2023-08-14/special, 48} => { "cost": 23}
{1jour, (Mon) 2023-08-14/special, 49} => { "cost": 23}
{1jour, (Mon) 2023-08-14/special, 50} => { "cost": 23}
{1jour, (Mon) 2023-08-14/special, 51} => { "cost": 23}
{1jour, (Mon) 2023-08-14/special, 52} => { "cost": 23}
{1jour, (Mon) 2023-08-14/special, 53} => { "cost": 23}
{1jour, (Mon) 2023-08-14/special, 54} => { "cost": 23}
{1jour, (Mon) 2023-08-14/special, 55} => { "cost": 23}
{1jour, (Mon) 2023-08-14/special, 56} => { "cost": 23}
{1jour, (Mon) 2023-08-14/special, 57} => { "cost": 23}
{1jour, (Mon) 2023-08-14/special, 58} => { "cost": 23}
{1jour, (Mon) 2023-08-14/special, 59} => { "cost": 23}
{1jour, (Mon) 2023-08-14/special, 60} => { "cost": 23}
{1jour, (Mon) 2023-08-14/special, 61} => { "cost": 23}
{1jour, (Mon) 2023-08-14/special, 62} => { "cost": 23}
{1jour, (Mon) 2023-08-14/special, 63} => { "cost": 23}
{1jour, (Mon) 2023-08-14/special, 64} => { "cost": 23}
{1jour, (Mon) 2023-08-14/special, 65} => { "cost": 18}
{1jour, (Mon) 2023-08-14/special, 66} => { "cost": 18}
{1jour, (Mon) 2023-08-14/special, 67} => { "cost": 18}
{1jour, (Mon) 2023-08-14/special, 68} => { "cost": 18}
{1jour, (Mon) 2023-08-14/special, 69} => { "cost": 18}
{1jour, (Mon) 2023-08-14/special, 70} => { "cost": 18}
{1jour, (Mon) 2023-08-14/special, null <- null} => { "cost": 23}
{1jour, (Mon) 2023-08-14/special, null <- forty two} => { "cost": NaN}  For input string: "forty two"
{night, (Mon) 2023-08-14/special, 1} => { "cost": 0}
{night, (Mon) 2023-08-14/special, 2} => { "cost": 0}
{night, (Mon) 2023-08-14/special, 3} => { "cost": 0}
{night, (Mon) 2023-08-14/special, 4} => { "cost": 0}
{night, (Mon) 2023-08-14/special, 5} => { "cost": 0}
{night, (Mon) 2023-08-14/special, 6} => { "cost": 19}
{night, (Mon) 2023-08-14/special, 7} => { "cost": 19}
{night, (Mon) 2023-08-14/special, 8} => { "cost": 19}
{night, (Mon) 2023-08-14/special, 9} => { "cost": 19}
{night, (Mon) 2023-08-14/special, 10} => { "cost": 19}
{night, (Mon) 2023-08-14/special, 11} => { "cost": 19}
{night, (Mon) 2023-08-14/special, 12} => { "cost": 19}
{night, (Mon) 2023-08-14/special, 13} => { "cost": 19}
{night, (Mon) 2023-08-14/special, 14} => { "cost": 19}
{night, (Mon) 2023-08-14/special, 15} => { "cost": 19}
{night, (Mon) 2023-08-14/special, 16} => { "cost": 19}
{night, (Mon) 2023-08-14/special, 17} => { "cost": 19}
{night, (Mon) 2023-08-14/special, 18} => { "cost": 19}
{night, (Mon) 2023-08-14/special, 19} => { "cost": 19}
{night, (Mon) 2023-08-14/special, 20} => { "cost": 19}
{night, (Mon) 2023-08-14/special, 21} => { "cost": 19}
{night, (Mon) 2023-08-14/special, 22} => { "cost": 19}
{night, (Mon) 2023-08-14/special, 23} => { "cost": 19}
{night, (Mon) 2023-08-14/special, 24} => { "cost": 19}
{night, (Mon) 2023-08-14/special, 25} => { "cost": 19}
{night, (Mon) 2023-08-14/special, 26} => { "cost": 19}
{night, (Mon) 2023-08-14/special, 27} => { "cost": 19}
{night, (Mon) 2023-08-14/special, 28} => { "cost": 19}
{night, (Mon) 2023-08-14/special, 29} => { "cost": 19}
{night, (Mon) 2023-08-14/special, 30} => { "cost": 19}
{night, (Mon) 2023-08-14/special, 31} => { "cost": 19}
{night, (Mon) 2023-08-14/special, 32} => { "cost": 19}
{night, (Mon) 2023-08-14/special, 33} => { "cost": 19}
{night, (Mon) 2023-08-14/special, 34} => { "cost": 19}
{night, (Mon) 2023-08-14/special, 35} => { "cost": 19}
{night, (Mon) 2023-08-14/special, 36} => { "cost": 19}
{night, (Mon) 2023-08-14/special, 37} => { "cost": 19}
{night, (Mon) 2023-08-14/special, 38} => { "cost": 19}
{night, (Mon) 2023-08-14/special, 39} => { "cost": 19}
{night, (Mon) 2023-08-14/special, 40} => { "cost": 19}
{night, (Mon) 2023-08-14/special, 41} => { "cost": 19}
{night, (Mon) 2023-08-14/special, 42} => { "cost": 19}
{night, (Mon) 2023-08-14/special, 43} => { "cost": 19}
{night, (Mon) 2023-08-14/special, 44} => { "cost": 19}
{night, (Mon) 2023-08-14/special, 45} => { "cost": 19}
{night, (Mon) 2023-08-14/special, 46} => { "cost": 19}
{night, (Mon) 2023-08-14/special, 47} => { "cost": 19}
{night, (Mon) 2023-08-14/special, 48} => { "cost": 19}
{night, (Mon) 2023-08-14/special, 49} => { "cost": 19}
{night, (Mon) 2023-08-14/special, 50} => { "cost": 19}
{night, (Mon) 2023-08-14/special, 51} => { "cost": 19}
{night, (Mon) 2023-08-14/special, 52} => { "cost": 19}
{night, (Mon) 2023-08-14/special, 53} => { "cost": 19}
{night, (Mon) 2023-08-14/special, 54} => { "cost": 19}
{night, (Mon) 2023-08-14/special, 55} => { "cost": 19}
{night, (Mon) 2023-08-14/special, 56} => { "cost": 19}
{night, (Mon) 2023-08-14/special, 57} => { "cost": 19}
{night, (Mon) 2023-08-14/special, 58} => { "cost": 19}
{night, (Mon) 2023-08-14/special, 59} => { "cost": 19}
{night, (Mon) 2023-08-14/special, 60} => { "cost": 19}
{night, (Mon) 2023-08-14/special, 61} => { "cost": 19}
{night, (Mon) 2023-08-14/special, 62} => { "cost": 19}
{night, (Mon) 2023-08-14/special, 63} => { "cost": 19}
{night, (Mon) 2023-08-14/special, 64} => { "cost": 19}
{night, (Mon) 2023-08-14/special, 65} => { "cost": 8}
{night, (Mon) 2023-08-14/special, 66} => { "cost": 8}
{night, (Mon) 2023-08-14/special, 67} => { "cost": 8}
{night, (Mon) 2023-08-14/special, 68} => { "cost": 8}
{night, (Mon) 2023-08-14/special, 69} => { "cost": 8}
{night, (Mon) 2023-08-14/special, 70} => { "cost": 8}
{night, (Mon) 2023-08-14/special, null <- null} => { "cost": 0}
{night, (Mon) 2023-08-14/special, null <- forty two} => { "cost": NaN}  For input string: "forty two"
